Synced 18 commands globally
Logged in as FairwayTtimes Test#0063 (id=1552734026069053510)
Connected to 1 guild(s)
Synced 0 commands to guild 1552730098656878615
Logged in as FairwayTtimes Test#0063 (id=1552734026069053510)
Connected to 1 guild(s)
Synced 0 commands to guild 1552730098656878615
Logged in as FairwayTtimes Test#0063 (id=1552734026069053510)
Connected to 1 guild(s)
Synced 0 commands to guild 1552730098656878615
Logged in as FairwayTtimes Test#0063 (id=1552734026069053510)
Connected to 2 guild(s)
Synced 0 commands to guild 1552730098656878615
Logged in as FairwayTtimes Test#0063 (id=1552734026069053510)
Connected to 2 guild(s)
Synced 0 commands to guild 1552784688576466994
Logged in as FairwayTtimes Test#0063 (id=1552734026069053510)
Connected to 2 guild(s)
Synced 18 commands to guild 1552784688576466994
Logged in as FairwayTtimes Test#0063 (id=1552734026069053510)
Connected to 2 guild(s)
Synced 18 commands to guild 1552784688576466994
Logged in as FairwayTtimes Test#0063 (id=1552734026069053510)
Connected to 2 guild(s)
Synced 18 commands to guild 1552784688576466994
Logged in as FairwayTtimes Test#0063 (id=1552734026069053510)
Connected to 2 guild(s)
Synced 19 commands to guild 1552784688576466994
Logged in as FairwayTtimes Test#0063 (id=1552734026069053510)
Connected to 2 guild(s)
Synced 21 commands to guild 1552784688576466994
Logged in as FairwayTtimes Test#0063 (id=1552734026069053510)
Connected to 2 guild(s)
Synced 21 commands to guild 1552784688576466994
Logged in as FairwayTtimes Test#0063 (id=1552734026069053510)
Connected to 2 guild(s)
Synced 21 commands to guild 1552784688576466994
Logged in as FairwayTtimes Test#0063 (id=1552734026069053510)
Connected to 2 guild(s)
Synced 23 commands to guild 1552784688576466994
Logged in as FairwayTtimes Test#0063 (id=1552734026069053510)
Connected to 2 guild(s)
Synced 24 commands to guild 1552784688576466994
Logged in as FairwayTtimes Test#0063 (id=1552734026069053510)
Connected to 2 guild(s)
Synced 24 commands to guild 1552784688576466994
Logged in as FairwayTtimes Test#0063 (id=1552734026069053510)
Connected to 2 guild(s)
Synced 24 commands to guild 1552784688576466994
Logged in as FairwayTtimes Test#0063 (id=1552734026069053510)
Connected to 2 guild(s)
Synced 24 commands to guild 1552784688576466994
Logged in as FairwayTtimes Test#0063 (id=1552734026069053510)
Connected to 2 guild(s)
Synced 24 commands to guild 1552784688576466994
Logged in as FairwayTtimes Test#0063 (id=1552734026069053510)
Connected to 2 guild(s)
Synced 24 commands to guild 1552784688576466994
Logged in as FairwayTtimes Test#0063 (id=1552734026069053510)
Connected to 2 guild(s)
Synced 24 commands to guild 1552784688576466994
Logged in as FairwayTtimes Test#0063 (id=1552734026069053510)
Connected to 2 guild(s)
Synced 24 commands to guild 1552784688576466994
Logged in as FairwayTtimes Test#0063 (id=1552734026069053510)
Connected to 2 guild(s)
Synced 24 commands to guild 1552784688576466994
Logged in as FairwayTtimes Test#0063 (id=1552734026069053510)
Connected to 2 guild(s)
Synced 24 commands to guild 1552784688576466994
Logged in as FairwayTtimes Test#0063 (id=1552734026069053510)
Connected to 2 guild(s)
Synced 25 commands to guild 1552784688576466994
Logged in as FairwayTtimes Test#0063 (id=1552734026069053510)
Connected to 2 guild(s)
Synced 26 commands to guild 1552784688576466994
Logged in as FairwayTtimes Test#0063 (id=1552734026069053510)
Connected to 2 guild(s)
Synced 26 commands to guild 1552784688576466994
Logged in as FairwayTtimes Test#0063 (id=1552734026069053510)
Connected to 2 guild(s)
Synced 26 commands to guild 1552784688576466994
Logged in as FairwayTtimes Test#0063 (id=1552734026069053510)
Connected to 2 guild(s)
Synced 26 commands to guild 1552784688576466994
Logged in as FairwayTtimes Test#0063 (id=1552734026069053510)
Connected to 2 guild(s)
Synced 26 commands to guild 1552784688576466994
Logged in as FairwayTtimes Test#0063 (id=1552734026069053510)
Connected to 2 guild(s)
Synced 26 commands to guild 1552784688576466994
Logged in as FairwayTtimes Test#0063 (id=1552734026069053510)
Connected to 2 guild(s)
Synced 26 commands to guild 1552784688576466994
Logged in as FairwayTtimes Test#0063 (id=1552734026069053510)
Connected to 2 guild(s)
Synced 26 commands to guild 1552784688576466994
Logged in as FairwayTtimes Test#0063 (id=1552734026069053510)
Connected to 2 guild(s)
guide upsert failed in #crew-guide: 503 Service Unavailable (error code: 0): upstream connect error or disconnect/reset before headers. retried and the latest reset reason: remote connection failure, transport failure reason: immediate connect error: No such file or directory
Synced 26 commands to guild 1552784688576466994
Logged in as FairwayTtimes Test#0063 (id=1552734026069053510)
Connected to 2 guild(s)
Synced 26 commands to guild 1552784688576466994
Logged in as FairwayTtimes Test#0063 (id=1552734026069053510)
Connected to 2 guild(s)
Synced 26 commands to guild 1552784688576466994
Logged in as FairwayTtimes Test#0063 (id=1552734026069053510)
Connected to 2 guild(s)
Synced 26 commands to guild 1552784688576466994
Logged in as FairwayTtimes Test#0063 (id=1552734026069053510)
Connected to 2 guild(s)
Synced 26 commands to guild 1552784688576466994
Logged in as FairwayTtimes Test#0063 (id=1552734026069053510)
Connected to 2 guild(s)
Synced 26 commands to guild 1552784688576466994
Logged in as FairwayTtimes Test#0063 (id=1552734026069053510)
Connected to 2 guild(s)
Synced 26 commands to guild 1552784688576466994
Logged in as FairwayTtimes Test#0063 (id=1552734026069053510)
Connected to 2 guild(s)
Synced 26 commands to guild 1552784688576466994
Logged in as FairwayTtimes Test#0063 (id=1552734026069053510)
Connected to 2 guild(s)
Synced 26 commands to guild 1552784688576466994
Logged in as FairwayTtimes Test#0063 (id=1552734026069053510)
Connected to 2 guild(s)
Synced 26 commands to guild 1552784688576466994
Logged in as FairwayTtimes Test#0063 (id=1552734026069053510)
Connected to 2 guild(s)
Synced 26 commands to guild 1552784688576466994
Logged in as FairwayTtimes Test#0063 (id=1552734026069053510)
Connected to 2 guild(s)
Synced 26 commands to guild 1552784688576466994
Logged in as FairwayTtimes Test#0063 (id=1552734026069053510)
Connected to 2 guild(s)
Synced 26 commands to guild 1552784688576466994
Logged in as FairwayTtimes Test#0063 (id=1552734026069053510)
Connected to 2 guild(s)
Synced 26 commands to guild 1552784688576466994
Logged in as FairwayTtimes Test#0063 (id=1552734026069053510)
Connected to 2 guild(s)
Synced 26 commands to guild 1552784688576466994
Logged in as FairwayTtimes Test#0063 (id=1552734026069053510)
Connected to 2 guild(s)
Synced 26 commands to guild 1552784688576466994
Logged in as FairwayTtimes Test#0063 (id=1552734026069053510)
Connected to 2 guild(s)
Synced 26 commands to guild 1552784688576466994
Logged in as FairwayTtimes Test#0063 (id=1552734026069053510)
Connected to 2 guild(s)
Synced 26 commands to guild 1552784688576466994
Logged in as FairwayTtimes Test#0063 (id=1552734026069053510)
Connected to 2 guild(s)
Synced 26 commands to guild 1552784688576466994
Logged in as FairwayTtimes Test#0063 (id=1552734026069053510)
Connected to 2 guild(s)
Synced 26 commands to guild 1552784688576466994
Logged in as FairwayTtimes Test#0063 (id=1552734026069053510)
Connected to 2 guild(s)
Synced 26 commands to guild 1552784688576466994
Logged in as FairwayTtimes Test#0063 (id=1552734026069053510)
Connected to 2 guild(s)
Synced 26 commands to guild 1552784688576466994
Logged in as FairwayTtimes Test#0063 (id=1552734026069053510)
Connected to 2 guild(s)
Synced 26 commands to guild 1552784688576466994
Logged in as FairwayTtimes Test#0063 (id=1552734026069053510)
Connected to 2 guild(s)
Synced 26 commands to guild 1552784688576466994
Logged in as FairwayTtimes Test#0063 (id=1552734026069053510)
Connected to 2 guild(s)
Synced 26 commands to guild 1552784688576466994
Logged in as FairwayTtimes Test#0063 (id=1552734026069053510)
Connected to 2 guild(s)
Synced 26 commands to guild 1552784688576466994
Logged in as FairwayTtimes Test#0063 (id=1552734026069053510)
Connected to 2 guild(s)
Synced 26 commands to guild 1552784688576466994
Logged in as FairwayTtimes Test#0063 (id=1552734026069053510)
Connected to 2 guild(s)
Synced 26 commands to guild 1552784688576466994
Logged in as FairwayTtimes Test#0063 (id=1552734026069053510)
Connected to 2 guild(s)
Synced 26 commands to guild 1552784688576466994
Logged in as FairwayTtimes Test#0063 (id=1552734026069053510)
Connected to 2 guild(s)
Synced 26 commands to guild 1552784688576466994
Logged in as FairwayTtimes Test#0063 (id=1552734026069053510)
Connected to 2 guild(s)
Traceback (most recent call last):
  File "/home/hatch/workspace/golf-tournament-bot/bot.py", line 92, in <module>
    asyncio.run(main())
  File "/usr/lib/python3.12/asyncio/runners.py", line 194, in run
    return runner.run(main)
           ^^^^^^^^^^^^^^^^
  File "/usr/lib/python3.12/asyncio/runners.py", line 118, in run
    return self._loop.run_until_complete(task)
           ^^^^^^^^^^^^^^^^^^^^^^^^^^^^^^^^^^^
  File "/usr/lib/python3.12/asyncio/base_events.py", line 687, in run_until_complete
    return future.result()
           ^^^^^^^^^^^^^^^
  File "/home/hatch/workspace/golf-tournament-bot/bot.py", line 88, in main
    await bot.start(config.DISCORD_TOKEN)
  File "/home/hatch/workspace/golf-tournament-bot/.venv/lib/python3.12/site-packages/discord/client.py", line 851, in start
    await self.connect(reconnect=reconnect)
  File "/home/hatch/workspace/golf-tournament-bot/.venv/lib/python3.12/site-packages/discord/client.py", line 731, in connect
    await self.ws.poll_event()
  File "/home/hatch/workspace/golf-tournament-bot/.venv/lib/python3.12/site-packages/discord/gateway.py", line 668, in poll_event
    raise ConnectionClosed(self.socket, shard_id=self.shard_id, code=code) from None
discord.errors.ConnectionClosed: Shard ID None WebSocket closed with 4004
Traceback (most recent call last):
  File "/home/hatch/workspace/golf-tournament-bot/.venv/lib/python3.12/site-packages/discord/http.py", line 844, in static_login
    data = await self.request(Route('GET', '/users/@me'))
           ^^^^^^^^^^^^^^^^^^^^^^^^^^^^^^^^^^^^^^^^^^^^^^
  File "/home/hatch/workspace/golf-tournament-bot/.venv/lib/python3.12/site-packages/discord/http.py", line 778, in request
    raise HTTPException(response, data)
discord.errors.HTTPException: 401 Unauthorized (error code: 0): 401: Unauthorized

The above exception was the direct cause of the following exception:

Traceback (most recent call last):
  File "/home/hatch/workspace/golf-tournament-bot/bot.py", line 92, in <module>
    asyncio.run(main())
  File "/usr/lib/python3.12/asyncio/runners.py", line 194, in run
    return runner.run(main)
           ^^^^^^^^^^^^^^^^
  File "/usr/lib/python3.12/asyncio/runners.py", line 118, in run
    return self._loop.run_until_complete(task)
           ^^^^^^^^^^^^^^^^^^^^^^^^^^^^^^^^^^^
  File "/usr/lib/python3.12/asyncio/base_events.py", line 687, in run_until_complete
    return future.result()
           ^^^^^^^^^^^^^^^
  File "/home/hatch/workspace/golf-tournament-bot/bot.py", line 88, in main
    await bot.start(config.DISCORD_TOKEN)
  File "/home/hatch/workspace/golf-tournament-bot/.venv/lib/python3.12/site-packages/discord/client.py", line 850, in start
    await self.login(token)
  File "/home/hatch/workspace/golf-tournament-bot/.venv/lib/python3.12/site-packages/discord/client.py", line 679, in login
    data = await self.http.static_login(token)
           ^^^^^^^^^^^^^^^^^^^^^^^^^^^^^^^^^^^
  File "/home/hatch/workspace/golf-tournament-bot/.venv/lib/python3.12/site-packages/discord/http.py", line 848, in static_login
    raise LoginFailure('Improper token has been passed.') from exc
discord.errors.LoginFailure: Improper token has been passed.
Traceback (most recent call last):
  File "/home/hatch/workspace/golf-tournament-bot/.venv/lib/python3.12/site-packages/discord/http.py", line 844, in static_login
    data = await self.request(Route('GET', '/users/@me'))
           ^^^^^^^^^^^^^^^^^^^^^^^^^^^^^^^^^^^^^^^^^^^^^^
  File "/home/hatch/workspace/golf-tournament-bot/.venv/lib/python3.12/site-packages/discord/http.py", line 778, in request
    raise HTTPException(response, data)
discord.errors.HTTPException: 401 Unauthorized (error code: 0): 401: Unauthorized

The above exception was the direct cause of the following exception:

Traceback (most recent call last):
  File "/home/hatch/workspace/golf-tournament-bot/bot.py", line 92, in <module>
    asyncio.run(main())
  File "/usr/lib/python3.12/asyncio/runners.py", line 194, in run
    return runner.run(main)
           ^^^^^^^^^^^^^^^^
  File "/usr/lib/python3.12/asyncio/runners.py", line 118, in run
    return self._loop.run_until_complete(task)
           ^^^^^^^^^^^^^^^^^^^^^^^^^^^^^^^^^^^
  File "/usr/lib/python3.12/asyncio/base_events.py", line 687, in run_until_complete
    return future.result()
           ^^^^^^^^^^^^^^^
  File "/home/hatch/workspace/golf-tournament-bot/bot.py", line 88, in main
    await bot.start(config.DISCORD_TOKEN)
  File "/home/hatch/workspace/golf-tournament-bot/.venv/lib/python3.12/site-packages/discord/client.py", line 850, in start
    await self.login(token)
  File "/home/hatch/workspace/golf-tournament-bot/.venv/lib/python3.12/site-packages/discord/client.py", line 679, in login
    data = await self.http.static_login(token)
           ^^^^^^^^^^^^^^^^^^^^^^^^^^^^^^^^^^^
  File "/home/hatch/workspace/golf-tournament-bot/.venv/lib/python3.12/site-packages/discord/http.py", line 848, in static_login
    raise LoginFailure('Improper token has been passed.') from exc
discord.errors.LoginFailure: Improper token has been passed.
